current directory: /home/ubuntu/greennavi/vendor/bundle/ruby/3.3.0/gems/ed25519-1.4.0/ext/ed25519_ref10
/home/ubuntu/.rbenv/versions/3.3.6/bin/ruby extconf.rb
checking for whether -Wall is accepted as CFLAGS... yes
checking for whether -O3 is accepted as CFLAGS... yes
checking for whether -pedantic is accepted as CFLAGS... no
checking for whether -std=c99 is accepted as CFLAGS... yes
creating Makefile

current directory: /home/ubuntu/greennavi/vendor/bundle/ruby/3.3.0/gems/ed25519-1.4.0/ext/ed25519_ref10
make DESTDIR\= sitearchdir\=./.gem.20261008-3429-j4acyn sitelibdir\=./.gem.20261008-3429-j4acyn clean

current directory: /home/ubuntu/greennavi/vendor/bundle/ruby/3.3.0/gems/ed25519-1.4.0/ext/ed25519_ref10
make DESTDIR\= sitearchdir\=./.gem.20261008-3429-j4acyn sitelibdir\=./.gem.20261008-3429-j4acyn
compiling fe.c
compiling ed25519_ref10.c
compiling ge.c
ed25519_ref10.c: In function ‘Init_ed25519_ref10’:
ed25519_ref10.c:12:6: warning: old-style function definition [-Wold-style-definition]
   12 | void Init_ed25519_ref10()
      |      ^~~~~~~~~~~~~~~~~~
At top level:
cc1: note: unrecognized command-line option ‘-Wno-self-assign’ may have been intended to silence earlier diagnostics
cc1: note: unrecognized command-line option ‘-Wno-parentheses-equality’ may have been intended to silence earlier diagnostics
cc1: note: unrecognized command-line option ‘-Wno-constant-logical-operand’ may have been intended to silence earlier diagnostics
compiling keypair.c
compiling open.c
compiling sc_muladd.c
compiling sc_reduce.c
compiling sha512.c
compiling sign.c
compiling verify.c
linking shared-object ed25519_ref10.so

current directory: /home/ubuntu/greennavi/vendor/bundle/ruby/3.3.0/gems/ed25519-1.4.0/ext/ed25519_ref10
make DESTDIR\= sitearchdir\=./.gem.20261008-3429-j4acyn sitelibdir\=./.gem.20261008-3429-j4acyn install
/usr/bin/install -c -m 0755 ed25519_ref10.so ./.gem.20261008-3429-j4acyn

current directory: /home/ubuntu/greennavi/vendor/bundle/ruby/3.3.0/gems/ed25519-1.4.0/ext/ed25519_ref10
make DESTDIR\= sitearchdir\=./.gem.20261008-3429-j4acyn sitelibdir\=./.gem.20261008-3429-j4acyn clean
