current directory: /home/ubuntu/greennavi/vendor/bundle/ruby/3.3.0/gems/websocket-driver-0.8.2/ext/websocket-driver
/home/ubuntu/.rbenv/versions/3.3.6/bin/ruby extconf.rb
creating Makefile

current directory: /home/ubuntu/greennavi/vendor/bundle/ruby/3.3.0/gems/websocket-driver-0.8.2/ext/websocket-driver
make DESTDIR\= sitearchdir\=./.gem.20261008-3429-qvhsyi sitelibdir\=./.gem.20261008-3429-qvhsyi clean

current directory: /home/ubuntu/greennavi/vendor/bundle/ruby/3.3.0/gems/websocket-driver-0.8.2/ext/websocket-driver
make DESTDIR\= sitearchdir\=./.gem.20261008-3429-qvhsyi sitelibdir\=./.gem.20261008-3429-qvhsyi
compiling websocket_mask.c
websocket_mask.c: In function ‘Init_websocket_mask’:
websocket_mask.c:26:6: warning: old-style function definition [-Wold-style-definition]
   26 | void Init_websocket_mask()
      |      ^~~~~~~~~~~~~~~~~~~
At top level:
cc1: note: unrecognized command-line option ‘-Wno-self-assign’ may have been intended to silence earlier diagnostics
cc1: note: unrecognized command-line option ‘-Wno-parentheses-equality’ may have been intended to silence earlier diagnostics
cc1: note: unrecognized command-line option ‘-Wno-constant-logical-operand’ may have been intended to silence earlier diagnostics
linking shared-object websocket_mask.so

current directory: /home/ubuntu/greennavi/vendor/bundle/ruby/3.3.0/gems/websocket-driver-0.8.2/ext/websocket-driver
make DESTDIR\= sitearchdir\=./.gem.20261008-3429-qvhsyi sitelibdir\=./.gem.20261008-3429-qvhsyi install
/usr/bin/install -c -m 0755 websocket_mask.so ./.gem.20261008-3429-qvhsyi

current directory: /home/ubuntu/greennavi/vendor/bundle/ruby/3.3.0/gems/websocket-driver-0.8.2/ext/websocket-driver
make DESTDIR\= sitearchdir\=./.gem.20261008-3429-qvhsyi sitelibdir\=./.gem.20261008-3429-qvhsyi clean
